<html>
<head>

    <!-- bower-css:start -->
    <link href="bower_components/angular-soft-forms/angular-soft-forms.css" rel="stylesheet">
    <!-- bower-css:end -->
</head>
<body>


    <!-- bower-js:start -->
    <script src="bower_components/jquery/jquery.js"></script>
    <script src="bower_components/angular-unstable/angular.js"></script>
    <script src="bower_components/angular-soft-forms/angular-soft-forms.js"></script>
    <!-- bower-js:end -->
</body>
</html>