<html>
<head>

    <!-- bower-css:start -->
    <link href="bower_components/sample/samplev2.css" rel="stylesheet">
    <!-- bower-css:end -->
</head>
<body>


    <!-- bower-js:start -->
    <script src="bower_components/fake/fake.js"></script>
    <script src="bower_components/fake/fake.js"></script>
    <script src="bower_components/fake/fake.js"></script>
    <script src="bower_components/fake/fake.js"></script>
    <script src="bower_components/fake/fake.js"></script>
    <script src="bower_components/fake/fake.js"></script>
    <script src="bower_components/sample/sample.js"></script>
    <script src="bower_components/sample/samplev2.js"></script>
    <script src="bower_components/fake/fake.js"></script>
    <script src="bower_components/fake/fake.js"></script>
    <script src="bower_components/fake/fake.js"></script>
    <script src="bower_components/fake/fake.js"></script>
    <script src="bower_components/fake/fake.js"></script>
    <script src="bower_components/fake/fake.js"></script>
    <script src="bower_components/fake/fake.js"></script>
    <script src="bower_components/fake/fake.js"></script>
    <!-- bower-js:end -->
</body>
</html>